[{"base_dir":"","target_dir":"","source":"original.txt","target":"","status":"empty filename","is_dir":false},{"base_dir":"","target_dir":"","source":"original.txt","target":"new_file.","status":"trailing periods present","is_dir":false},{"base_dir":"","target_dir":"","source":"file1.txt","target":"existing_file.txt","status":"target exists","is_dir":false},{"base_dir":"","target_dir":"","source":"original.txt","target":"new:file.txt","status":"forbidden characters present","is_dir":false},{"base_dir":"","target_dir":"","source":"file2.txt","target":"new_file.txt","status":"overwriting new path","is_dir":false},{"base_dir":"","target_dir":"","source":"original.txt","target":"this_is_a_very_long_filename_that_exceeds_the_maximum_allowed_length.txt","status":"filename too long","is_dir":false},{"base_dir":"","target_dir":"","source":"1.txt","target":"2.txt","status":"source already renamed","is_dir":false},{"base_dir":"","target_dir":"","source":"nonexistent_file.txt","target":"new_name.txt","status":"source not found","is_dir":false}]