{"changes":[{"base_dir":"","target_dir":"","source":"File.txt","target":"myFile.txt","status":"","is_dir":false}]}